<!DOCTYPE HTML PUBLIC "-//W3C//DTD HTML 4.01 Transitional//EN" "http://www.w3.org/TR/html4/loose.dtd">
<html>

<head>
<meta http-equiv="Content-Type" content="text/html; charset=UTF-8">
<title>C:/Lambda/CIRRICULUMN/lambda-backup-2/Lambda-resource/5-websites/docusaurus-master/packages/docusaurus-plugin-content-blog/src/__tests__/__snapshots__</title>
<link rel="stylesheet" href="https://cdn.jsdelivr.net/gh/bgoonz/GIT-CDN-FILES/right.css">
</head>

<body>

<table border="0" cellspacing="1" cellpadding="2" summary="file table" class="file-table centered">
<tr><td colspan="4" class="header-row"><b>Folders</b></td></tr>
<tr><td><a href="../right.html" target="rframe">&lt;Go Back&gt;</a></td></tr>
</table>
<br>

<table border="0" cellspacing="1" cellpadding="2" summary="file table" class="file-table centered">
<tr><th><b>File</b></th><th><b>File</b></th><th><b>File</b></th><th><b>File</b></th></tr>
<tr><td><a href="generateBlogFeed.test.ts.snap" >generateB...s.snap</a>&nbsp;</td><td><a href="linkify.test.ts.snap" >linkify.t...s.snap</a>&nbsp;</td><td><a href="pluginOptionSchema.test.ts.snap" >pluginOpt...s.snap</a>&nbsp;</td></tr>
</table>

<p class="summary-style">
Folders:  1<br>
Files: 3<br>
Size of all files: 5207 KB</p>

</body>
</html>